I'm sorry, but errors were detected in your script. Please correct the
errors listed below, and try again.


File "game/script.rpy", line 133: is not terminated with a newline. (Check strings and parenthesis.)
(Perhaps you left out a " at the end of the first line.)
        "

Ren'Py Version: Ren'Py 7.4.8.1895
Thu Oct  7 12:02:22 2021
